women: 15 data/input/pg-being_ernest.txt,data/input/pg-dorian_gray.txt,data/input/pg-dracula.txt,data/input/pg-emma.txt,data/input/pg-frankenstein.txt,data/input/pg-great_expectations.txt,data/input/pg-huckleberry_finn.txt,data/input/pg-les_miserables.txt,data/input/pg-metamorphosis.txt,data/input/pg-moby_dick.txt,data/input/pg-sherlock_holmes.txt,data/input/pg-tale_of_two_cities.txt,data/input/pg-tom_sawyer.txt,data/input/pg-ulysses.txt,data/input/pg-war_and_peace.txt
won: 15 data/input/pg-being_ernest.txt,data/input/pg-dorian_gray.txt,data/input/pg-dracula.txt,data/input/pg-frankenstein.txt,data/input/pg-great_expectations.txt,data/input/pg-grimm.txt,data/input/pg-huckleberry_finn.txt,data/input/pg-les_miserables.txt,data/input/pg-metamorphosis.txt,data/input/pg-moby_dick.txt,data/input/pg-sherlock_holmes.txt,data/input/pg-tale_of_two_cities.txt,data/input/pg-tom_sawyer.txt,data/input/pg-ulysses.txt,data/input/pg-war_and_peace.txt
wonderful: 15 data/input/pg-being_ernest.txt,data/input/pg-dorian_gray.txt,data/input/pg-dracula.txt,data/input/pg-emma.txt,data/input/pg-frankenstein.txt,data/input/pg-great_expectations.txt,data/input/pg-grimm.txt,data/input/pg-huckleberry_finn.txt,data/input/pg-les_miserables.txt,data/input/pg-moby_dick.txt,data/input/pg-sherlock_holmes.txt,data/input/pg-tale_of_two_cities.txt,data/input/pg-tom_sawyer.txt,data/input/pg-ulysses.txt,data/input/pg-war_and_peace.txt
words: 15 data/input/pg-dorian_gray.txt,data/input/pg-dracula.txt,data/input/pg-emma.txt,data/input/pg-frankenstein.txt,data/input/pg-great_expectations.txt,data/input/pg-grimm.txt,data/input/pg-huckleberry_finn.txt,data/input/pg-les_miserables.txt,data/input/pg-metamorphosis.txt,data/input/pg-moby_dick.txt,data/input/pg-sherlock_holmes.txt,data/input/pg-tale_of_two_cities.txt,data/input/pg-tom_sawyer.txt,data/input/pg-ulysses.txt,data/input/pg-war_and_peace.txt
worked: 15 data/input/pg-dorian_gray.txt,data/input/pg-dracula.txt,data/input/pg-emma.txt,data/input/pg-frankenstein.txt,data/input/pg-great_expectations.txt,data/input/pg-grimm.txt,data/input/pg-huckleberry_finn.txt,data/input/pg-les_miserables.txt,data/input/pg-metamorphosis.txt,data/input/pg-moby_dick.txt,data/input/pg-sherlock_holmes.txt,data/input/pg-tale_of_two_cities.txt,data/input/pg-tom_sawyer.txt,data/input/pg-ulysses.txt,data/input/pg-war_and_peace.txt
worse: 15 data/input/pg-being_ernest.txt,data/input/pg-dorian_gray.txt,data/input/pg-dracula.txt,data/input/pg-emma.txt,data/input/pg-frankenstein.txt,data/input/pg-great_expectations.txt,data/input/pg-grimm.txt,data/input/pg-huckleberry_finn.txt,data/input/pg-les_miserables.txt,data/input/pg-moby_dick.txt,data/input/pg-sherlock_holmes.txt,data/input/pg-tale_of_two_cities.txt,data/input/pg-tom_sawyer.txt,data/input/pg-ulysses.txt,data/input/pg-war_and_peace.txt
wounded: 15 data/input/pg-being_ernest.txt,data/input/pg-dorian_gray.txt,data/input/pg-dracula.txt,data/input/pg-emma.txt,data/input/pg-frankenstein.txt,data/input/pg-great_expectations.txt,data/input/pg-grimm.txt,data/input/pg-huckleberry_finn.txt,data/input/pg-les_miserables.txt,data/input/pg-moby_dick.txt,data/input/pg-sherlock_holmes.txt,data/input/pg-tale_of_two_cities.txt,data/input/pg-tom_sawyer.txt,data/input/pg-ulysses.txt,data/input/pg-war_and_peace.txt
yes: 15 data/input/pg-being_ernest.txt,data/input/pg-dorian_gray.txt,data/input/pg-dracula.txt,data/input/pg-emma.txt,data/input/pg-great_expectations.txt,data/input/pg-grimm.txt,data/input/pg-huckleberry_finn.txt,data/input/pg-les_miserables.txt,data/input/pg-metamorphosis.txt,data/input/pg-moby_dick.txt,data/input/pg-sherlock_holmes.txt,data/input/pg-tale_of_two_cities.txt,data/input/pg-tom_sawyer.txt,data/input/pg-ulysses.txt,data/input/pg-war_and_peace.txt
younger: 15 data/input/pg-being_ernest.txt,data/input/pg-dorian_gray.txt,data/input/pg-dracula.txt,data/input/pg-emma.txt,data/input/pg-frankenstein.txt,data/input/pg-great_expectations.txt,data/input/pg-grimm.txt,data/input/pg-huckleberry_finn.txt,data/input/pg-les_miserables.txt,data/input/pg-moby_dick.txt,data/input/pg-sherlock_holmes.txt,data/input/pg-tale_of_two_cities.txt,data/input/pg-tom_sawyer.txt,data/input/pg-ulysses.txt,data/input/pg-war_and_peace.txt
yours: 15 data/input/pg-being_ernest.txt,data/input/pg-dorian_gray.txt,data/input/pg-dracula.txt,data/input/pg-emma.txt,data/input/pg-frankenstein.txt,data/input/pg-great_expectations.txt,data/input/pg-grimm.txt,data/input/pg-huckleberry_finn.txt,data/input/pg-les_miserables.txt,data/input/pg-moby_dick.txt,data/input/pg-sherlock_holmes.txt,data/input/pg-tale_of_two_cities.txt,data/input/pg-tom_sawyer.txt,data/input/pg-ulysses.txt,data/input/pg-war_and_peace.txt
