5141: 0.00037
8518: 0.00037
4936: 0.00034
17337: 0.0003
18351: 0.0003
9304: 0.00032
8023: 0.00031
8745: 0.00031
17739: 0.0003
8085: 0.00030
11516: 0.0003
13735: 0.0003
1401: 0.00029
5721: 0.00029
6915: 0.00029
